// Jest Snapshot v1, https://goo.gl/fbAQLP

exports['<Footer/> should render the footer 1'] = `
<div>
  footer
</div>
`
